Filters: [components module]
Randomness seeded to: 2597825610
[0;31merror[0;49m: struct_ts.c: 515: struct [0;36m'DynamicComp'[0;49m has no members

~~~~~~~~~~~~~~~~~~~~~~~~~~~~~~~~~~~~~~~~~~~~~~~~~~~~~~~~~~~~~~~~~~~~~~~~~~~~~~~
spectre_unit_tests is a Catch2 v3.8.1 host application.
Run with -? for options

-------------------------------------------------------------------------------
Components Module: SDK and Registration
  Register dynamic component from properties
-------------------------------------------------------------------------------
/home/jehud/CLionProjects/spectre/tests/unit/source/modules/test_components.cpp:60
...............................................................................

/home/jehud/CLionProjects/spectre/tests/unit/source/modules/test_components.cpp:82: FAILED:
  REQUIRE( spectre::modules::components::has_component(world, "DynamicComp") == true )
with expansion:
  false == true

===============================================================================
test cases:  1 |  0 passed | 1 failed
assertions: 12 | 11 passed | 1 failed

